System Bootstrap, Version 12.1(3r)T2, RELEASE SOFTWARE (fc1)
Copyright (c) 2000 by cisco Systems, Inc.
PT 1001 (PTSC2005) processor (revision 0x200) with 60416K/5120K bytes of memory

Readonly ROMMON initialized

Self decompressing the image :
########################################################################## [OK]

              Restricted Rights Legend

Use, duplication, or disclosure by the Government is
subject to restrictions as set forth in subparagraph
(c) of the Commercial Computer Software - Restricted
Rights clause at FAR sec. 52.227-19 and subparagraph
(c) (1) (ii) of the Rights in Technical Data and Computer
Software clause at DFARS sec. 252.227-7013.

           cisco Systems, Inc.
           170 West Tasman Drive
           San Jose, California 95134-1706



Cisco Internetwork Operating System Software
IOS (tm) PT1000 Software (PT1000-I-M), Version 12.2(28), RELEASE SOFTWARE (fc5)
Technical Support: http://www.cisco.com/techsupport
Copyright (c) 1986-2005 by cisco Systems, Inc.
Compiled Wed 27-Apr-04 19:01 by miwang

PT 1001 (PTSC2005) processor (revision 0x200) with 60416K/5120K bytes of memory
.
Processor board ID PT0123 (0123)
PT2005 processor: part number 0, mask 01
Bridging software.
X.25 software, Version 3.0.0.
4 FastEthernet/IEEE 802.3 interface(s)
2 Low-speed serial(sync/async) network interface(s)
32K bytes of non-volatile configuration memory.
63488K bytes of ATA CompactFlash (Read/Write)


         --- System Configuration Dialog ---

Would you like to enter the initial configuration dialog? [yes/no]: no


Press RETURN to get started!



Router>enable
Router#configure terminal
Enter configuration commands, one per line.  End with CNTL/Z.
Router(config)#hostname Carl
Carl(config)#int serial
Carl(config)#int serial 2/0
Carl(config-if)#no shut

Carl(config-if)#
%LINK-5-CHANGED: Interface Serial2/0, changed state to up

Carl(config-if)#ip address 192.168.12.
%LINEPROTO-5-UPDOWN: Line protocol on Interface Serial2/0, changed state to up

                           ^
% Invalid input detected at '^' marker.
	
Carl(config-if)#ip address 192.168.12.5 255.255.255.0
Carl(config-if)#exit
Carl(config)#
Carl(config)#int seri
Carl(config)#int serial 3/0
Carl(config-if)#no shut

%LINK-5-CHANGED: Interface Serial3/0, changed state to down
Carl(config-if)#
Carl(config-if)#ip address 192.168.24.6 255.255.255.0
Carl(config-if)#exit
Carl(config)#int ser
Carl(config)#int serial 3/0
Carl(config-if)#no shut
Carl(config-if)#exit
Carl(config)#exit
Carl#
%SYS-5-CONFIG_I: Configured from console by console

Carl#write
Building configuration...
[OK]
Carl#